exports[`<RadioGroup /> should render 1`] = `
ShallowWrapper {
  "complexSelector": ComplexSelector {
    "buildPredicate": [Function],
    "childrenOfNode": [Function],
    "findWhereUnwrapped": [Function],
  },
  "length": 1,
  "node": <div
    className="radio-group">
    <div>
        Radio group
    </div>
    <div>
        <div>
            <label
                className="radio-group__item"
                htmlFor="undefined_1">
                <input
                    checked={false}
                    id="undefined_1"
                    name={undefined}
                    onClick={[Function]}
                    type="radio"
                    value="1" />
                 
                1
            </label>
        </div>
        <div>
            <label
                className="radio-group__item"
                htmlFor="undefined_2">
                <input
                    checked={false}
                    id="undefined_2"
                    name={undefined}
                    onClick={[Function]}
                    type="radio"
                    value="2" />
                 
                2
            </label>
        </div>
        <div>
            <label
                className="radio-group__item"
                htmlFor="undefined_3">
                <input
                    checked={false}
                    id="undefined_3"
                    name={undefined}
                    onClick={[Function]}
                    type="radio"
                    value="3" />
                 
                3
            </label>
        </div>
    </div>
    <div>
        an error message
    </div>
</div>,
  "nodes": Array [
    <div
      className="radio-group">
      <div>
            Radio group
      </div>
      <div>
            <div>
                  <label
                        className="radio-group__item"
                        htmlFor="undefined_1">
                        <input
                              checked={false}
                              id="undefined_1"
                              name={undefined}
                              onClick={[Function]}
                              type="radio"
                              value="1" />
                         
                        1
                  </label>
            </div>
            <div>
                  <label
                        className="radio-group__item"
                        htmlFor="undefined_2">
                        <input
                              checked={false}
                              id="undefined_2"
                              name={undefined}
                              onClick={[Function]}
                              type="radio"
                              value="2" />
                         
                        2
                  </label>
            </div>
            <div>
                  <label
                        className="radio-group__item"
                        htmlFor="undefined_3">
                        <input
                              checked={false}
                              id="undefined_3"
                              name={undefined}
                              onClick={[Function]}
                              type="radio"
                              value="3" />
                         
                        3
                  </label>
            </div>
      </div>
      <div>
            an error message
      </div>
</div>,
  ],
  "options": Object {},
  "renderer": ReactShallowRenderer {
    "_instance": ShallowComponentWrapper {
      "_calledComponentWillUnmount": false,
      "_compositeType": 2,
      "_context": Object {},
      "_currentElement": <RadioGroup
        input={
                Object {
                        "value": null,
                      }
        }
        label="Radio group"
        meta={
                Object {
                        "error": "an error message",
                        "invalid": true,
                      }
        }
        options={
                Array [
                        "1",
                        "2",
                        "3",
                      ]
        }
        store={
                Object {
                        "dispatch": [Function],
                        "getState": [Function],
                        "replaceReducer": [Function],
                        "subscribe": [Function],
                        Symbol(observable): [Function],
                      }
        } />,
      "_debugID": 1,
      "_hostContainerInfo": null,
      "_hostParent": null,
      "_instance": StatelessComponent {
        "_reactInternalInstance": [Circular],
        "context": Object {},
        "props": Object {
          "input": Object {
            "value": null,
          },
          "label": "Radio group",
          "meta": Object {
            "error": "an error message",
            "invalid": true,
          },
          "options": Array [
            "1",
            "2",
            "3",
          ],
          "store": Object {
            "dispatch": [Function],
            "getState": [Function],
            "replaceReducer": [Function],
            "subscribe": [Function],
            Symbol(observable): [Function],
          },
        },
        "refs": Object {},
        "state": null,
        "updater": Object {
          "enqueueCallback": [Function],
          "enqueueCallbackInternal": [Function],
          "enqueueElementInternal": [Function],
          "enqueueForceUpdate": [Function],
          "enqueueReplaceState": [Function],
          "enqueueSetState": [Function],
          "isMounted": [Function],
          "validateCallback": [Function],
        },
      },
      "_mountOrder": 1,
      "_pendingCallbacks": null,
      "_pendingElement": null,
      "_pendingForceUpdate": false,
      "_pendingReplaceState": false,
      "_pendingStateQueue": null,
      "_renderedComponent": NoopInternalComponent {
        "_currentElement": <div
          className="radio-group">
          <div>
                    Radio group
          </div>
          <div>
                    <div>
                              <label
                                        className="radio-group__item"
                                        htmlFor="undefined_1">
                                        <input
                                                  checked={false}
                                                  id="undefined_1"
                                                  name={undefined}
                                                  onClick={[Function]}
                                                  type="radio"
                                                  value="1" />
                                         
                                        1
                              </label>
                    </div>
                    <div>
                              <label
                                        className="radio-group__item"
                                        htmlFor="undefined_2">
                                        <input
                                                  checked={false}
                                                  id="undefined_2"
                                                  name={undefined}
                                                  onClick={[Function]}
                                                  type="radio"
                                                  value="2" />
                                         
                                        2
                              </label>
                    </div>
                    <div>
                              <label
                                        className="radio-group__item"
                                        htmlFor="undefined_3">
                                        <input
                                                  checked={false}
                                                  id="undefined_3"
                                                  name={undefined}
                                                  onClick={[Function]}
                                                  type="radio"
                                                  value="3" />
                                         
                                        3
                              </label>
                    </div>
          </div>
          <div>
                    an error message
          </div>
</div>,
        "_debugID": 2,
        "_renderedOutput": <div
          className="radio-group">
          <div>
                    Radio group
          </div>
          <div>
                    <div>
                              <label
                                        className="radio-group__item"
                                        htmlFor="undefined_1">
                                        <input
                                                  checked={false}
                                                  id="undefined_1"
                                                  name={undefined}
                                                  onClick={[Function]}
                                                  type="radio"
                                                  value="1" />
                                         
                                        1
                              </label>
                    </div>
                    <div>
                              <label
                                        className="radio-group__item"
                                        htmlFor="undefined_2">
                                        <input
                                                  checked={false}
                                                  id="undefined_2"
                                                  name={undefined}
                                                  onClick={[Function]}
                                                  type="radio"
                                                  value="2" />
                                         
                                        2
                              </label>
                    </div>
                    <div>
                              <label
                                        className="radio-group__item"
                                        htmlFor="undefined_3">
                                        <input
                                                  checked={false}
                                                  id="undefined_3"
                                                  name={undefined}
                                                  onClick={[Function]}
                                                  type="radio"
                                                  value="3" />
                                         
                                        3
                              </label>
                    </div>
          </div>
          <div>
                    an error message
          </div>
</div>,
      },
      "_renderedNodeType": 0,
      "_rootNodeID": 0,
      "_topLevelWrapper": null,
      "_updateBatchNumber": null,
      "_warnedAboutRefsInRender": false,
    },
    "getRenderOutput": [Function],
    "render": [Function],
  },
  "root": [Circular],
  "unrendered": <RadioGroup
    input={
        Object {
            "value": null,
          }
    }
    label="Radio group"
    meta={
        Object {
            "error": "an error message",
            "invalid": true,
          }
    }
    options={
        Array [
            "1",
            "2",
            "3",
          ]
    }
    store={
        Object {
            "dispatch": [Function],
            "getState": [Function],
            "replaceReducer": [Function],
            "subscribe": [Function],
            Symbol(observable): [Function],
          }
    } />,
}
`;
