exports[`<ToggleGroup /> should render 1`] = `
ShallowWrapper {
  "complexSelector": ComplexSelector {
    "buildPredicate": [Function],
    "childrenOfNode": [Function],
    "findWhereUnwrapped": [Function],
  },
  "length": 1,
  "node": <div>
    <div>
        Toggle group
    </div>
    <div>
        <ContextInput
            checked={false}
            color="neon-carrot"
            label="1"
            name="toggle_group"
            onCheck={[Function]} />
        <ContextInput
            checked={false}
            color="kiwi"
            label="2"
            name="toggle_group"
            onCheck={[Function]} />
        <ContextInput
            checked={false}
            color="sea-serpent"
            label="3"
            name="toggle_group"
            onCheck={[Function]} />
    </div>
    <div>
        an error message
    </div>
</div>,
  "nodes": Array [
    <div>
      <div>
            Toggle group
      </div>
      <div>
            <ContextInput
                  checked={false}
                  color="neon-carrot"
                  label="1"
                  name="toggle_group"
                  onCheck={[Function]} />
            <ContextInput
                  checked={false}
                  color="kiwi"
                  label="2"
                  name="toggle_group"
                  onCheck={[Function]} />
            <ContextInput
                  checked={false}
                  color="sea-serpent"
                  label="3"
                  name="toggle_group"
                  onCheck={[Function]} />
      </div>
      <div>
            an error message
      </div>
</div>,
  ],
  "options": Object {},
  "renderer": ReactShallowRenderer {
    "_instance": ShallowComponentWrapper {
      "_calledComponentWillUnmount": false,
      "_compositeType": 0,
      "_context": Object {},
      "_currentElement": <ToggleGroup
        colors={
                Array [
                        "neon-carrot",
                        "kiwi",
                        "sea-serpent",
                      ]
        }
        input={
                Object {
                        "name": "toggle_group",
                        "value": null,
                      }
        }
        label="Toggle group"
        meta={
                Object {
                        "error": "an error message",
                        "invalid": true,
                      }
        }
        options={
                Array [
                        "1",
                        "2",
                        "3",
                      ]
        }
        store={
                Object {
                        "dispatch": [Function],
                        "getState": [Function],
                        "replaceReducer": [Function],
                        "subscribe": [Function],
                        Symbol(observable): [Function],
                      }
        } />,
      "_debugID": 1,
      "_hostContainerInfo": null,
      "_hostParent": null,
      "_instance": ToggleGroup {
        "_reactInternalInstance": [Circular],
        "context": Object {},
        "onClickOption": [Function],
        "props": Object {
          "colors": Array [
            "neon-carrot",
            "kiwi",
            "sea-serpent",
          ],
          "input": Object {
            "name": "toggle_group",
            "value": null,
          },
          "label": "Toggle group",
          "meta": Object {
            "error": "an error message",
            "invalid": true,
          },
          "options": Array [
            "1",
            "2",
            "3",
          ],
          "store": Object {
            "dispatch": [Function],
            "getState": [Function],
            "replaceReducer": [Function],
            "subscribe": [Function],
            Symbol(observable): [Function],
          },
        },
        "refs": Object {},
        "state": null,
        "updater": Object {
          "enqueueCallback": [Function],
          "enqueueCallbackInternal": [Function],
          "enqueueElementInternal": [Function],
          "enqueueForceUpdate": [Function],
          "enqueueReplaceState": [Function],
          "enqueueSetState": [Function],
          "isMounted": [Function],
          "validateCallback": [Function],
        },
      },
      "_mountOrder": 1,
      "_pendingCallbacks": null,
      "_pendingElement": null,
      "_pendingForceUpdate": false,
      "_pendingReplaceState": false,
      "_pendingStateQueue": null,
      "_renderedComponent": NoopInternalComponent {
        "_currentElement": <div>
          <div>
                    Toggle group
          </div>
          <div>
                    <ContextInput
                              checked={false}
                              color="neon-carrot"
                              label="1"
                              name="toggle_group"
                              onCheck={[Function]} />
                    <ContextInput
                              checked={false}
                              color="kiwi"
                              label="2"
                              name="toggle_group"
                              onCheck={[Function]} />
                    <ContextInput
                              checked={false}
                              color="sea-serpent"
                              label="3"
                              name="toggle_group"
                              onCheck={[Function]} />
          </div>
          <div>
                    an error message
          </div>
</div>,
        "_debugID": 2,
        "_renderedOutput": <div>
          <div>
                    Toggle group
          </div>
          <div>
                    <ContextInput
                              checked={false}
                              color="neon-carrot"
                              label="1"
                              name="toggle_group"
                              onCheck={[Function]} />
                    <ContextInput
                              checked={false}
                              color="kiwi"
                              label="2"
                              name="toggle_group"
                              onCheck={[Function]} />
                    <ContextInput
                              checked={false}
                              color="sea-serpent"
                              label="3"
                              name="toggle_group"
                              onCheck={[Function]} />
          </div>
          <div>
                    an error message
          </div>
</div>,
      },
      "_renderedNodeType": 0,
      "_rootNodeID": 0,
      "_topLevelWrapper": null,
      "_updateBatchNumber": null,
      "_warnedAboutRefsInRender": false,
    },
    "getRenderOutput": [Function],
    "render": [Function],
  },
  "root": [Circular],
  "unrendered": <ToggleGroup
    colors={
        Array [
            "neon-carrot",
            "kiwi",
            "sea-serpent",
          ]
    }
    input={
        Object {
            "name": "toggle_group",
            "value": null,
          }
    }
    label="Toggle group"
    meta={
        Object {
            "error": "an error message",
            "invalid": true,
          }
    }
    options={
        Array [
            "1",
            "2",
            "3",
          ]
    }
    store={
        Object {
            "dispatch": [Function],
            "getState": [Function],
            "replaceReducer": [Function],
            "subscribe": [Function],
            Symbol(observable): [Function],
          }
    } />,
}
`;
