// Jest Snapshot v1, https://goo.gl/fbAQLP

exports[`<EdgeLayout /> renders ok 1`] = `
ShallowWrapper {
  "complexSelector": ComplexSelector {
    "buildPredicate": [Function],
    "childrenOfNode": [Function],
    "findWhereUnwrapped": [Function],
  },
  "length": 1,
  "node": <div
    className="edge-layout"
>
    <svg
        preserveAspectRatio="none"
        viewBox="0 0 1 1"
        xmlns="http://www.w3.org/2000/svg"
    >
        <line
            stroke="#f2b700"
            x1={100}
            x2={100}
            y1={100}
            y2={100}
        />
    </svg>
</div>,
  "nodes": Array [
    <div
      className="edge-layout"
>
      <svg
            preserveAspectRatio="none"
            viewBox="0 0 1 1"
            xmlns="http://www.w3.org/2000/svg"
      >
            <line
                  stroke="#f2b700"
                  x1={100}
                  x2={100}
                  y1={100}
                  y2={100}
            />
      </svg>
</div>,
  ],
  "options": Object {},
  "renderer": ReactShallowRenderer {
    "_instance": ShallowComponentWrapper {
      "_calledComponentWillUnmount": false,
      "_compositeType": 2,
      "_context": Object {},
      "_currentElement": <Unknown
        color={null}
        edgeCoords={
                Array [
                        Object {
                          "from": Object {
                            "x": 100,
                            "y": 100,
                          },
                          "key": "foo_bar_baz",
                          "to": Object {
                            "x": 100,
                            "y": 100,
                          },
                        },
                      ]
        }
        prompt={Object {}}
        stage={Object {}}
/>,
      "_debugID": 1,
      "_hostContainerInfo": null,
      "_hostParent": null,
      "_instance": StatelessComponent {
        "_reactInternalInstance": [Circular],
        "context": Object {},
        "props": Object {
          "color": null,
          "edgeCoords": Array [
            Object {
              "from": Object {
                "x": 100,
                "y": 100,
              },
              "key": "foo_bar_baz",
              "to": Object {
                "x": 100,
                "y": 100,
              },
            },
          ],
          "prompt": Object {},
          "stage": Object {},
        },
        "refs": Object {},
        "state": null,
        "updater": Object {
          "enqueueCallback": [Function],
          "enqueueCallbackInternal": [Function],
          "enqueueElementInternal": [Function],
          "enqueueForceUpdate": [Function],
          "enqueueReplaceState": [Function],
          "enqueueSetState": [Function],
          "isMounted": [Function],
          "validateCallback": [Function],
        },
      },
      "_mountOrder": 1,
      "_pendingCallbacks": null,
      "_pendingElement": null,
      "_pendingForceUpdate": false,
      "_pendingReplaceState": false,
      "_pendingStateQueue": null,
      "_renderedComponent": NoopInternalComponent {
        "_currentElement": <div
          className="edge-layout"
>
          <svg
                    preserveAspectRatio="none"
                    viewBox="0 0 1 1"
                    xmlns="http://www.w3.org/2000/svg"
          >
                    <line
                              stroke="#f2b700"
                              x1={100}
                              x2={100}
                              y1={100}
                              y2={100}
                    />
          </svg>
</div>,
        "_debugID": 2,
        "_renderedOutput": <div
          className="edge-layout"
>
          <svg
                    preserveAspectRatio="none"
                    viewBox="0 0 1 1"
                    xmlns="http://www.w3.org/2000/svg"
          >
                    <line
                              stroke="#f2b700"
                              x1={100}
                              x2={100}
                              y1={100}
                              y2={100}
                    />
          </svg>
</div>,
      },
      "_renderedNodeType": 0,
      "_rootNodeID": 0,
      "_topLevelWrapper": null,
      "_updateBatchNumber": null,
      "_warnedAboutRefsInRender": false,
    },
    "getRenderOutput": [Function],
    "render": [Function],
  },
  "root": [Circular],
  "unrendered": <Unknown
    color={null}
    edgeCoords={
        Array [
            Object {
              "from": Object {
                "x": 100,
                "y": 100,
              },
              "key": "foo_bar_baz",
              "to": Object {
                "x": 100,
                "y": 100,
              },
            },
          ]
    }
    prompt={Object {}}
    stage={Object {}}
/>,
}
`;
