// Jest Snapshot v1, https://goo.gl/fbAQLP

exports[`Containers/Elements/Field should render 1`] = `
ShallowWrapper {
  "complexSelector": ComplexSelector {
    "buildPredicate": [Function],
    "childrenOfNode": [Function],
    "findWhereUnwrapped": [Function],
  },
  "length": 1,
  "node": <Field
    component={[Function]}
    label="Name"
    name="name"
    optionsSelector={null}
    type="Alphanumeric"
    validate={Array []}
/>,
  "nodes": Array [
    <Field
      component={[Function]}
      label="Name"
      name="name"
      optionsSelector={null}
      type="Alphanumeric"
      validate={Array []}
/>,
  ],
  "options": Object {},
  "renderer": ReactShallowRenderer {
    "_instance": ShallowComponentWrapper {
      "_calledComponentWillUnmount": false,
      "_compositeType": 2,
      "_context": Object {},
      "_currentElement": <Field
        label="Name"
        name="name"
        optionsSelector={null}
        type="Alphanumeric"
        validation={Object {}}
/>,
      "_debugID": 1,
      "_hostContainerInfo": null,
      "_hostParent": null,
      "_instance": StatelessComponent {
        "_reactInternalInstance": [Circular],
        "context": Object {},
        "props": Object {
          "label": "Name",
          "name": "name",
          "optionsSelector": null,
          "type": "Alphanumeric",
          "validation": Object {},
        },
        "refs": Object {},
        "state": null,
        "updater": Object {
          "enqueueCallback": [Function],
          "enqueueCallbackInternal": [Function],
          "enqueueElementInternal": [Function],
          "enqueueForceUpdate": [Function],
          "enqueueReplaceState": [Function],
          "enqueueSetState": [Function],
          "isMounted": [Function],
          "validateCallback": [Function],
        },
      },
      "_mountOrder": 1,
      "_pendingCallbacks": null,
      "_pendingElement": null,
      "_pendingForceUpdate": false,
      "_pendingReplaceState": false,
      "_pendingStateQueue": null,
      "_renderedComponent": NoopInternalComponent {
        "_currentElement": <Field
          component={[Function]}
          label="Name"
          name="name"
          optionsSelector={null}
          type="Alphanumeric"
          validate={Array []}
/>,
        "_debugID": 2,
        "_renderedOutput": <Field
          component={[Function]}
          label="Name"
          name="name"
          optionsSelector={null}
          type="Alphanumeric"
          validate={Array []}
/>,
      },
      "_renderedNodeType": 1,
      "_rootNodeID": 0,
      "_topLevelWrapper": null,
      "_updateBatchNumber": null,
      "_warnedAboutRefsInRender": false,
    },
    "getRenderOutput": [Function],
    "render": [Function],
  },
  "root": [Circular],
  "unrendered": <Field
    label="Name"
    name="name"
    optionsSelector={null}
    type="Alphanumeric"
    validation={Object {}}
/>,
}
`;
