// Jest Snapshot v1, https://goo.gl/fbAQLP

exports[`<Form /> should render 1`] = `
ShallowWrapper {
  "complexSelector": ComplexSelector {
    "buildPredicate": [Function],
    "childrenOfNode": [Function],
    "findWhereUnwrapped": [Function],
  },
  "length": 1,
  "node": <AutoInitialisedForm
    dispatch={[Function]}
    fields={Array []}
    form="form1"
    meta={
        Object {
            "fields": undefined,
            "values": undefined,
          }
    }
    store={
        Object {
            "dispatch": [Function],
            "getState": [Function],
            "replaceReducer": [Function],
            "subscribe": [Function],
            Symbol(observable): [Function],
          }
    }
/>,
  "nodes": Array [
    <AutoInitialisedForm
      dispatch={[Function]}
      fields={Array []}
      form="form1"
      meta={
            Object {
                  "fields": undefined,
                  "values": undefined,
                }
      }
      store={
            Object {
                  "dispatch": [Function],
                  "getState": [Function],
                  "replaceReducer": [Function],
                  "subscribe": [Function],
                  Symbol(observable): [Function],
                }
      }
/>,
  ],
  "options": Object {},
  "renderer": ReactShallowRenderer {
    "_instance": ShallowComponentWrapper {
      "_calledComponentWillUnmount": false,
      "_compositeType": 0,
      "_context": Object {},
      "_currentElement": <Connect(AutoInitialisedForm)
        fields={Array []}
        form="form1"
        store={
                Object {
                        "dispatch": [Function],
                        "getState": [Function],
                        "replaceReducer": [Function],
                        "subscribe": [Function],
                        Symbol(observable): [Function],
                      }
        }
/>,
      "_debugID": 1,
      "_hostContainerInfo": null,
      "_hostParent": null,
      "_instance": Connect {
        "_reactInternalInstance": [Circular],
        "context": Object {
          "store": undefined,
        },
        "dispatchProps": Object {
          "dispatch": [Function],
        },
        "doDispatchPropsDependOnOwnProps": false,
        "doStatePropsDependOnOwnProps": true,
        "finalMapDispatchToProps": [Function],
        "finalMapStateToProps": [Function],
        "hasStoreStateChanged": false,
        "haveOwnPropsChanged": false,
        "haveStatePropsBeenPrecalculated": false,
        "mergedProps": Object {
          "dispatch": [Function],
          "fields": Array [],
          "form": "form1",
          "meta": Object {
            "fields": undefined,
            "values": undefined,
          },
          "store": Object {
            "dispatch": [Function],
            "getState": [Function],
            "replaceReducer": [Function],
            "subscribe": [Function],
            Symbol(observable): [Function],
          },
        },
        "props": Object {
          "fields": Array [],
          "form": "form1",
          "store": Object {
            "dispatch": [Function],
            "getState": [Function],
            "replaceReducer": [Function],
            "subscribe": [Function],
            Symbol(observable): [Function],
          },
        },
        "refs": Object {},
        "renderedElement": <AutoInitialisedForm
          dispatch={[Function]}
          fields={Array []}
          form="form1"
          meta={
                    Object {
                              "fields": undefined,
                              "values": undefined,
                            }
          }
          store={
                    Object {
                              "dispatch": [Function],
                              "getState": [Function],
                              "replaceReducer": [Function],
                              "subscribe": [Function],
                              Symbol(observable): [Function],
                            }
          }
/>,
        "state": Object {
          "storeState": undefined,
        },
        "stateProps": Object {
          "meta": Object {
            "fields": undefined,
            "values": undefined,
          },
        },
        "statePropsPrecalculationError": null,
        "store": Object {
          "dispatch": [Function],
          "getState": [Function],
          "replaceReducer": [Function],
          "subscribe": [Function],
          Symbol(observable): [Function],
        },
        "updater": Object {
          "enqueueCallback": [Function],
          "enqueueCallbackInternal": [Function],
          "enqueueElementInternal": [Function],
          "enqueueForceUpdate": [Function],
          "enqueueReplaceState": [Function],
          "enqueueSetState": [Function],
          "isMounted": [Function],
          "validateCallback": [Function],
        },
        "version": 18,
      },
      "_mountOrder": 1,
      "_pendingCallbacks": null,
      "_pendingElement": null,
      "_pendingForceUpdate": false,
      "_pendingReplaceState": false,
      "_pendingStateQueue": null,
      "_renderedComponent": NoopInternalComponent {
        "_currentElement": <AutoInitialisedForm
          dispatch={[Function]}
          fields={Array []}
          form="form1"
          meta={
                    Object {
                              "fields": undefined,
                              "values": undefined,
                            }
          }
          store={
                    Object {
                              "dispatch": [Function],
                              "getState": [Function],
                              "replaceReducer": [Function],
                              "subscribe": [Function],
                              Symbol(observable): [Function],
                            }
          }
/>,
        "_debugID": 2,
        "_renderedOutput": <AutoInitialisedForm
          dispatch={[Function]}
          fields={Array []}
          form="form1"
          meta={
                    Object {
                              "fields": undefined,
                              "values": undefined,
                            }
          }
          store={
                    Object {
                              "dispatch": [Function],
                              "getState": [Function],
                              "replaceReducer": [Function],
                              "subscribe": [Function],
                              Symbol(observable): [Function],
                            }
          }
/>,
      },
      "_renderedNodeType": 1,
      "_rootNodeID": 0,
      "_topLevelWrapper": null,
      "_updateBatchNumber": null,
      "_warnedAboutRefsInRender": false,
    },
    "getRenderOutput": [Function],
    "render": [Function],
  },
  "root": [Circular],
  "unrendered": <Connect(AutoInitialisedForm)
    fields={Array []}
    form="form1"
    store={
        Object {
            "dispatch": [Function],
            "getState": [Function],
            "replaceReducer": [Function],
            "subscribe": [Function],
            Symbol(observable): [Function],
          }
    }
/>,
}
`;
