// Jest Snapshot v1, https://goo.gl/fbAQLP

exports[`<NodeLayout /> renders ok 1`] = `
ShallowWrapper {
  "complexSelector": ComplexSelector {
    "buildPredicate": [Function],
    "childrenOfNode": [Function],
    "findWhereUnwrapped": [Function],
  },
  "length": 1,
  "node": <Connect(Droppable)
    acceptsDraggableType="POSITIONED_NODE"
    droppableName="NODE_LAYOUT"
>
    <div
        className="node-layout"
    >
        
    </div>
</Connect(Droppable)>,
  "nodes": Array [
    <Connect(Droppable)
      acceptsDraggableType="POSITIONED_NODE"
      droppableName="NODE_LAYOUT"
>
      <div
            className="node-layout"
      >
            
      </div>
</Connect(Droppable)>,
  ],
  "options": Object {},
  "renderer": ReactShallowRenderer {
    "_instance": ShallowComponentWrapper {
      "_calledComponentWillUnmount": false,
      "_compositeType": 0,
      "_context": Object {},
      "_currentElement": <NodeLayout
        attributes={Object {}}
        edge={null}
        height={456}
        layout="foo"
        nodes={Array []}
        position={false}
        select={null}
        toggleEdge={[Function]}
        toggleNodeAttributes={[Function]}
        updateNode={[Function]}
        width={123}
/>,
      "_debugID": 1,
      "_hostContainerInfo": null,
      "_hostParent": null,
      "_instance": NodeLayout {
        "_reactInternalInstance": [Circular],
        "context": Object {},
        "onSelectNode": [Function],
        "props": Object {
          "attributes": Object {},
          "edge": null,
          "height": 456,
          "layout": "foo",
          "nodes": Array [],
          "position": false,
          "select": null,
          "toggleEdge": [Function],
          "toggleNodeAttributes": [Function],
          "updateNode": [Function],
          "width": 123,
        },
        "refs": Object {},
        "state": Object {
          "connectFrom": null,
        },
        "updateNodeLayout": [Function],
        "updater": Object {
          "enqueueCallback": [Function],
          "enqueueCallbackInternal": [Function],
          "enqueueElementInternal": [Function],
          "enqueueForceUpdate": [Function],
          "enqueueReplaceState": [Function],
          "enqueueSetState": [Function],
          "isMounted": [Function],
          "validateCallback": [Function],
        },
      },
      "_mountOrder": 1,
      "_pendingCallbacks": null,
      "_pendingElement": null,
      "_pendingForceUpdate": false,
      "_pendingReplaceState": false,
      "_pendingStateQueue": null,
      "_renderedComponent": NoopInternalComponent {
        "_currentElement": <Connect(Droppable)
          acceptsDraggableType="POSITIONED_NODE"
          droppableName="NODE_LAYOUT"
>
          <div
                    className="node-layout"
          >
                    
          </div>
</Connect(Droppable)>,
        "_debugID": 2,
        "_renderedOutput": <Connect(Droppable)
          acceptsDraggableType="POSITIONED_NODE"
          droppableName="NODE_LAYOUT"
>
          <div
                    className="node-layout"
          >
                    
          </div>
</Connect(Droppable)>,
      },
      "_renderedNodeType": 1,
      "_rootNodeID": 0,
      "_topLevelWrapper": null,
      "_updateBatchNumber": null,
      "_warnedAboutRefsInRender": false,
    },
    "getRenderOutput": [Function],
    "render": [Function],
  },
  "root": [Circular],
  "unrendered": <NodeLayout
    attributes={Object {}}
    edge={null}
    height={456}
    layout="foo"
    nodes={Array []}
    position={false}
    select={null}
    toggleEdge={[Function]}
    toggleNodeAttributes={[Function]}
    updateNode={[Function]}
    width={123}
/>,
}
`;
