// Jest Snapshot v1, https://goo.gl/fbAQLP

exports[`<NodeBucket /> renders ok 1`] = `
ShallowWrapper {
  "complexSelector": ComplexSelector {
    "buildPredicate": [Function],
    "childrenOfNode": [Function],
    "findWhereUnwrapped": [Function],
  },
  "length": 1,
  "node": <div
    className="node-bucket"
>
    <Connect(Draggable)
        draggableType="POSITIONED_NODE"
        label={undefined}
        onDropped={[Function]}
    />
</div>,
  "nodes": Array [
    <div
      className="node-bucket"
>
      <Connect(Draggable)
            draggableType="POSITIONED_NODE"
            label={undefined}
            onDropped={[Function]}
      />
</div>,
  ],
  "options": Object {},
  "renderer": ReactShallowRenderer {
    "_instance": ShallowComponentWrapper {
      "_calledComponentWillUnmount": false,
      "_compositeType": 0,
      "_context": Object {},
      "_currentElement": <NodeBucket
        layout="foo"
        node={Object {}}
        sort={Object {}}
        updateNode={[Function]}
/>,
      "_debugID": 1,
      "_hostContainerInfo": null,
      "_hostParent": null,
      "_instance": NodeBucket {
        "_reactInternalInstance": [Circular],
        "context": Object {},
        "onDropNode": [Function],
        "props": Object {
          "layout": "foo",
          "node": Object {},
          "sort": Object {},
          "updateNode": [Function],
        },
        "refs": Object {},
        "state": null,
        "updater": Object {
          "enqueueCallback": [Function],
          "enqueueCallbackInternal": [Function],
          "enqueueElementInternal": [Function],
          "enqueueForceUpdate": [Function],
          "enqueueReplaceState": [Function],
          "enqueueSetState": [Function],
          "isMounted": [Function],
          "validateCallback": [Function],
        },
      },
      "_mountOrder": 1,
      "_pendingCallbacks": null,
      "_pendingElement": null,
      "_pendingForceUpdate": false,
      "_pendingReplaceState": false,
      "_pendingStateQueue": null,
      "_renderedComponent": NoopInternalComponent {
        "_currentElement": <div
          className="node-bucket"
>
          <Connect(Draggable)
                    draggableType="POSITIONED_NODE"
                    label={undefined}
                    onDropped={[Function]}
          />
</div>,
        "_debugID": 2,
        "_renderedOutput": <div
          className="node-bucket"
>
          <Connect(Draggable)
                    draggableType="POSITIONED_NODE"
                    label={undefined}
                    onDropped={[Function]}
          />
</div>,
      },
      "_renderedNodeType": 0,
      "_rootNodeID": 0,
      "_topLevelWrapper": null,
      "_updateBatchNumber": null,
      "_warnedAboutRefsInRender": false,
    },
    "getRenderOutput": [Function],
    "render": [Function],
  },
  "root": [Circular],
  "unrendered": <NodeBucket
    layout="foo"
    node={Object {}}
    sort={Object {}}
    updateNode={[Function]}
/>,
}
`;
