// Jest Snapshot v1, https://goo.gl/fbAQLP

exports[`<SociogramRadar /> renders ok 1`] = `
ShallowWrapper {
  "complexSelector": ComplexSelector {
    "buildPredicate": [Function],
    "childrenOfNode": [Function],
    "findWhereUnwrapped": [Function],
  },
  "length": 1,
  "node": <svg
    className="sociogram-radar"
    viewBox="0 0 100 100"
    xmlns="http://www.w3.org/2000/svg"
>
    <circle
        className="sociogram-radar__range"
        cx="50"
        cy="50"
        fill="#302C5B"
        r={50}
    />
    <circle
        className="sociogram-radar__range"
        cx="50"
        cy="50"
        fill="#323062"
        r={43.54101966249685}
    />
    <circle
        className="sociogram-radar__range"
        cx="50"
        cy="50"
        fill="#353368"
        r={36.547375096555626}
    />
    <circle
        className="sociogram-radar__range"
        cx="50"
        cy="50"
        fill="#37376F"
        r={28.717082451262844}
    />
    <circle
        className="sociogram-radar__range"
        cx="50"
        cy="50"
        fill="#3A3A75"
        r={19.270509831248425}
    />
</svg>,
  "nodes": Array [
    <svg
      className="sociogram-radar"
      viewBox="0 0 100 100"
      xmlns="http://www.w3.org/2000/svg"
>
      <circle
            className="sociogram-radar__range"
            cx="50"
            cy="50"
            fill="#302C5B"
            r={50}
      />
      <circle
            className="sociogram-radar__range"
            cx="50"
            cy="50"
            fill="#323062"
            r={43.54101966249685}
      />
      <circle
            className="sociogram-radar__range"
            cx="50"
            cy="50"
            fill="#353368"
            r={36.547375096555626}
      />
      <circle
            className="sociogram-radar__range"
            cx="50"
            cy="50"
            fill="#37376F"
            r={28.717082451262844}
      />
      <circle
            className="sociogram-radar__range"
            cx="50"
            cy="50"
            fill="#3A3A75"
            r={19.270509831248425}
      />
</svg>,
  ],
  "options": Object {},
  "renderer": ReactShallowRenderer {
    "_instance": ShallowComponentWrapper {
      "_calledComponentWillUnmount": false,
      "_compositeType": 2,
      "_context": Object {},
      "_currentElement": <SociogramRadar
        n={5}
        skewed={true}
/>,
      "_debugID": 1,
      "_hostContainerInfo": null,
      "_hostParent": null,
      "_instance": StatelessComponent {
        "_reactInternalInstance": [Circular],
        "context": Object {},
        "props": Object {
          "n": 5,
          "skewed": true,
        },
        "refs": Object {},
        "state": null,
        "updater": Object {
          "enqueueCallback": [Function],
          "enqueueCallbackInternal": [Function],
          "enqueueElementInternal": [Function],
          "enqueueForceUpdate": [Function],
          "enqueueReplaceState": [Function],
          "enqueueSetState": [Function],
          "isMounted": [Function],
          "validateCallback": [Function],
        },
      },
      "_mountOrder": 1,
      "_pendingCallbacks": null,
      "_pendingElement": null,
      "_pendingForceUpdate": false,
      "_pendingReplaceState": false,
      "_pendingStateQueue": null,
      "_renderedComponent": NoopInternalComponent {
        "_currentElement": <svg
          className="sociogram-radar"
          viewBox="0 0 100 100"
          xmlns="http://www.w3.org/2000/svg"
>
          <circle
                    className="sociogram-radar__range"
                    cx="50"
                    cy="50"
                    fill="#302C5B"
                    r={50}
          />
          <circle
                    className="sociogram-radar__range"
                    cx="50"
                    cy="50"
                    fill="#323062"
                    r={43.54101966249685}
          />
          <circle
                    className="sociogram-radar__range"
                    cx="50"
                    cy="50"
                    fill="#353368"
                    r={36.547375096555626}
          />
          <circle
                    className="sociogram-radar__range"
                    cx="50"
                    cy="50"
                    fill="#37376F"
                    r={28.717082451262844}
          />
          <circle
                    className="sociogram-radar__range"
                    cx="50"
                    cy="50"
                    fill="#3A3A75"
                    r={19.270509831248425}
          />
</svg>,
        "_debugID": 2,
        "_renderedOutput": <svg
          className="sociogram-radar"
          viewBox="0 0 100 100"
          xmlns="http://www.w3.org/2000/svg"
>
          <circle
                    className="sociogram-radar__range"
                    cx="50"
                    cy="50"
                    fill="#302C5B"
                    r={50}
          />
          <circle
                    className="sociogram-radar__range"
                    cx="50"
                    cy="50"
                    fill="#323062"
                    r={43.54101966249685}
          />
          <circle
                    className="sociogram-radar__range"
                    cx="50"
                    cy="50"
                    fill="#353368"
                    r={36.547375096555626}
          />
          <circle
                    className="sociogram-radar__range"
                    cx="50"
                    cy="50"
                    fill="#37376F"
                    r={28.717082451262844}
          />
          <circle
                    className="sociogram-radar__range"
                    cx="50"
                    cy="50"
                    fill="#3A3A75"
                    r={19.270509831248425}
          />
</svg>,
      },
      "_renderedNodeType": 0,
      "_rootNodeID": 0,
      "_topLevelWrapper": null,
      "_updateBatchNumber": null,
      "_warnedAboutRefsInRender": false,
    },
    "getRenderOutput": [Function],
    "render": [Function],
  },
  "root": [Circular],
  "unrendered": <SociogramRadar
    n={5}
    skewed={true}
/>,
}
`;
