// Jest Snapshot v1, https://goo.gl/fbAQLP

exports[`DropZone component renders ok 1`] = `
ShallowWrapper {
  "complexSelector": ComplexSelector {
    "buildPredicate": [Function],
    "childrenOfNode": [Function],
    "findWhereUnwrapped": [Function],
  },
  "length": 1,
  "node": <Droppable
    acceptsDraggableType={null}
    droppableName="foo"
    hover={false}
    store={
        Object {
            "dispatch": [Function],
            "getState": [Function],
            "replaceReducer": [Function],
            "subscribe": [Function],
            Symbol(observable): [Function],
          }
    }
    updateZone={[Function]}
/>,
  "nodes": Array [
    <Droppable
      acceptsDraggableType={null}
      droppableName="foo"
      hover={false}
      store={
            Object {
                  "dispatch": [Function],
                  "getState": [Function],
                  "replaceReducer": [Function],
                  "subscribe": [Function],
                  Symbol(observable): [Function],
                }
      }
      updateZone={[Function]}
/>,
  ],
  "options": Object {},
  "renderer": ReactShallowRenderer {
    "_instance": ShallowComponentWrapper {
      "_calledComponentWillUnmount": false,
      "_compositeType": 0,
      "_context": Object {},
      "_currentElement": <Connect(Droppable)
        droppableName="foo"
        store={
                Object {
                        "dispatch": [Function],
                        "getState": [Function],
                        "replaceReducer": [Function],
                        "subscribe": [Function],
                        Symbol(observable): [Function],
                      }
        }
/>,
      "_debugID": 1,
      "_hostContainerInfo": null,
      "_hostParent": null,
      "_instance": Connect {
        "_reactInternalInstance": [Circular],
        "context": Object {
          "store": undefined,
        },
        "dispatchProps": Object {
          "updateZone": [Function],
        },
        "doDispatchPropsDependOnOwnProps": false,
        "doStatePropsDependOnOwnProps": true,
        "finalMapDispatchToProps": [Function],
        "finalMapStateToProps": [Function],
        "hasStoreStateChanged": false,
        "haveOwnPropsChanged": false,
        "haveStatePropsBeenPrecalculated": false,
        "mergedProps": Object {
          "droppableName": "foo",
          "hover": false,
          "store": Object {
            "dispatch": [Function],
            "getState": [Function],
            "replaceReducer": [Function],
            "subscribe": [Function],
            Symbol(observable): [Function],
          },
          "updateZone": [Function],
        },
        "props": Object {
          "droppableName": "foo",
          "store": Object {
            "dispatch": [Function],
            "getState": [Function],
            "replaceReducer": [Function],
            "subscribe": [Function],
            Symbol(observable): [Function],
          },
        },
        "refs": Object {},
        "renderedElement": <Droppable
          acceptsDraggableType={null}
          droppableName="foo"
          hover={false}
          store={
                    Object {
                              "dispatch": [Function],
                              "getState": [Function],
                              "replaceReducer": [Function],
                              "subscribe": [Function],
                              Symbol(observable): [Function],
                            }
          }
          updateZone={[Function]}
/>,
        "state": Object {
          "storeState": Object {
            "droppable": Object {
              "activeZones": Array [],
            },
          },
        },
        "stateProps": Object {
          "hover": false,
        },
        "statePropsPrecalculationError": null,
        "store": Object {
          "dispatch": [Function],
          "getState": [Function],
          "replaceReducer": [Function],
          "subscribe": [Function],
          Symbol(observable): [Function],
        },
        "updater": Object {
          "enqueueCallback": [Function],
          "enqueueCallbackInternal": [Function],
          "enqueueElementInternal": [Function],
          "enqueueForceUpdate": [Function],
          "enqueueReplaceState": [Function],
          "enqueueSetState": [Function],
          "isMounted": [Function],
          "validateCallback": [Function],
        },
        "version": 0,
      },
      "_mountOrder": 1,
      "_pendingCallbacks": null,
      "_pendingElement": null,
      "_pendingForceUpdate": false,
      "_pendingReplaceState": false,
      "_pendingStateQueue": null,
      "_renderedComponent": NoopInternalComponent {
        "_currentElement": <Droppable
          acceptsDraggableType={null}
          droppableName="foo"
          hover={false}
          store={
                    Object {
                              "dispatch": [Function],
                              "getState": [Function],
                              "replaceReducer": [Function],
                              "subscribe": [Function],
                              Symbol(observable): [Function],
                            }
          }
          updateZone={[Function]}
/>,
        "_debugID": 2,
        "_renderedOutput": <Droppable
          acceptsDraggableType={null}
          droppableName="foo"
          hover={false}
          store={
                    Object {
                              "dispatch": [Function],
                              "getState": [Function],
                              "replaceReducer": [Function],
                              "subscribe": [Function],
                              Symbol(observable): [Function],
                            }
          }
          updateZone={[Function]}
/>,
      },
      "_renderedNodeType": 1,
      "_rootNodeID": 0,
      "_topLevelWrapper": null,
      "_updateBatchNumber": null,
      "_warnedAboutRefsInRender": false,
    },
    "getRenderOutput": [Function],
    "render": [Function],
  },
  "root": [Circular],
  "unrendered": <Connect(Droppable)
    droppableName="foo"
    store={
        Object {
            "dispatch": [Function],
            "getState": [Function],
            "replaceReducer": [Function],
            "subscribe": [Function],
            Symbol(observable): [Function],
          }
    }
/>,
}
`;
